Initialized neighbor B at localhost:50052
Initialized neighbor D at localhost:50054
Initialized neighbor F at localhost:50056
Initialized neighbor G at localhost:50057
Server listening on localhost:50055
[E] ForwardQuery received: request_id=q1, from_node=A
[E] Node is relay/gateway, forwarding to neighbors...
[E] Forwarding to neighbor B
[E] Collected 0 chunks from B
[E] Forwarding to neighbor D
[E] Collected 0 chunks from D
[E] Forwarding to neighbor F
[E] Query q1 already processed, skipping
[E] Collected 138 chunks from F
[E] Forwarding to neighbor G
[E] Error forwarding to G: Unexpected error in RPC handling
[E] Returning 138 total chunks for request q1
[E] ForwardQuery received: request_id=q2, from_node=A
[E] Node is relay/gateway, forwarding to neighbors...
[E] Forwarding to neighbor B
[E] Collected 0 chunks from B
[E] Forwarding to neighbor D
[E] Collected 0 chunks from D
[E] Forwarding to neighbor F
[E] Query q2 already processed, skipping
[E] Collected 32 chunks from F
[E] Forwarding to neighbor G
[E] Error forwarding to G: Unexpected error in RPC handling
[E] Returning 32 total chunks for request q2
[E] ForwardQuery received: request_id=q3, from_node=A
[E] Node is relay/gateway, forwarding to neighbors...
[E] Forwarding to neighbor B
[E] Collected 0 chunks from B
[E] Forwarding to neighbor D
[E] Collected 0 chunks from D
[E] Forwarding to neighbor F
[E] Query q3 already processed, skipping
[E] Error forwarding to F: CLIENT: Received message larger than max (1086228587 vs. 4194304)
[E] Forwarding to neighbor G
[E] Error forwarding to G: Unexpected error in RPC handling
[E] Returning 0 total chunks for request q3
